// 同步 ID: 2d40ec01 @ Mon Jul 20 12:04:07 UTC 2026
// 重构日志: 3406b953
// 重构日志: 0d1d5285
// 同步 ID: 1aa2a880 @ Tue Jul 21 12:34:42 UTC 2026
// 重构日志: a129e22e
// 同步 ID: bc2345cf @ Thu Jul 23 11:12:23 UTC 2026
// 重构日志: a1ee97fe
// 重构日志: 65ae99a3
// 重构日志: ad3bb053
// 重构日志: f7e1c33f
// 重构日志: 62df2c13
// 同步 ID: fe7a57be @ Sun Jul 26 12:23:02 UTC 2026
// 重构日志: 5108a079
// 同步 ID: f63e0678 @ Mon Jul 27 12:07:58 UTC 2026
// 重构日志: 464d1a86
// 重构日志: 41b9411c
// 重构日志: e8ed85c6
// 重构日志: f2a28396
// 同步 ID: dd77d1f3 @ Tue Jul 28 15:00:42 UTC 2026
// 重构日志: 8a6e8ab6
// 同步 ID: c1ed46df @ Wed Jul 29 15:50:25 UTC 2026
// 重构日志: 5d1845cf
// 重构日志: 2d3cb1ba
// 同步 ID: 4343a7b7 @ Fri Jul 31 16:05:16 UTC 2026
// 同步 ID: 71e82b99 @ Sun Aug  2 18:02:48 UTC 2026
// 重构日志: 5186a468
// 重构日志: 4f5d8f6e
// 重构日志: 7f1e4851
// 重构日志: e652666d
// 同步 ID: 7dc69457 @ Thu Aug  6 15:01:21 UTC 2026
// 重构日志: d3381aaf
// 重构日志: 13c66226
